--- seed 42 ---
To 'read flags 1'.
    a text called fl1local is fl1label.
    a number called fl1bumped is fl1count add 1.
    Print fl1local.
    Print fl1bumped.
    Print fl1on.

a flag called fl1label is "-a" or "--alpha1", it is a text.
a flag called fl1count is "-b" or "--beta1", it is a number.
a flag called fl1on is "-c" or "--gamma1", it is a boolean.
a flag called fl1scratch is "-s" or "--scratch1", it is a text.
Parse flags.

If fl1label is not "v36333" then, Exit 91.
If fl1count is not 1266 then, Exit 92.
If fl1on then, Exit 94.

a number called v1 is 69414907254369.
A thing called t1 has
    a number called x1 is 0,
    a number called x2 is 0.

A thing called t2 has
    a number called x1 is 0,
    a number called x2 is 0.

A thing called t3 has
    a t1 called g1,
    a t2 called g2.

A thing called t4 has
    a function called 'made at',
    a function called 'reflected across',
    a number called x1 is 0.

To do the t4's 'made at', with a number called x1.
    a t4 called plotted.
    Set plotted's x1 to x1.
    Return a t4, plotted.

To do the t4's 'reflected across', with a t4 called original.
    a t4 called mirrored.
    Set mirrored's x1 to 0 subtract original's x1.
    Return a t4, mirrored.

To f1.
    Return a number, 806.

To f2 with a number called p1.
    a number called r is p1 add 22.
    Return a number, r.

To f3 with a number called p1 and a number called p2.
    a number called r is p1 add p2.
    Return a number, r.

To f4 with a text called p1.
    Print "f4 {p1}".

Set v1 to v1 times v1.
Print fl1label.
Print fl1count.
Print fl1on.
'read flags 1'.
a number called xn1 is 408.
a number called xy1 is 16.
Print "sum {xn1 add xy1}".
Print "product {xn1 multiply xy1}".
Print "chain {xn1 multiply xy1 modulo 6:06x}".
Print "deep {v1 minus 4 divide 3 divide v1 add v1 multiply v1:15}".
Print "arguments {arguments's count}".
a text called xt1 is "held {xn1 add xy1} {xn1 multiply xy1 modulo 6:06x}".
Print xt1.
a number called u1 is 0.
While u1 is less than 3, Increment u1.
Print u1.
a text called s2 is "word2".
a text called s3 is "{s2}-{s2}".
Print s3.
a number called c1 is 30.
Print f2 of c1.
Set v1 to v1 times v1.
Print {v1 add v1} multiply v1 modulo 2.
Set v1 to v1 minus v1.
a text called fp4 is "{fl1scratch}/out4".
open a file for writing called fw4 at fp4.
Write "payload 78135\n" to fw4.
Close fw4.
open a file for reading called fr4 at fp4.
a buffer called fb4 is 20 bytes in size.
Read from fr4 into fb4.
Print fb4's size.
Print fr4's readable.
Close fr4.
a number called zn5 is 0.
a number called zk5 is 108.
a float called zd5 is 7147670343872.82.
a text called zs5 is "word5".
a boolean called zb5 is true.
a t1 called zi5.
Set zi5's x1 to 50875.
Print "{zn5}".
Print "{zn5:4}".
Print "{zn5:017}".
Print "{zn5:x}".
Print "{zn5:X}".
Print "{zk5:b}".
Print "{zk5:o}".
Print "{zn5:013x}".
Print "{zd5:.0}".
Print "{zd5:4.0}".
Print "{zs5:2}".
Print "{zb5:017}".
Print "{zi5's x1:013x}".
a number called c2 is 58.
Print f2 of c2.
Exit 247.

reproducible: 1
