--- seed 42 ---
To f1.
    Return a number, 688.

To f2 with a number called p1.
    a number called r is p1 add 20.
    Return a number, r.

To f3 with a number called p1 and a number called p2.
    a number called r is p1 add p2.
    Return a number, r.

To f4 with a text called p1.
    Print "f4 {p1}".

a flag called fl1label is "-a" or "--alpha1", it is a text with default "d1".
a flag called fl1count is "-b" or "--beta1", it is a number.
a flag called fl1on is "-c" or "--gamma1", it is a boolean.
Parse flags.

If fl1label is not "v76753" then, Exit 91.
If fl1count is not 4806 then, Exit 92.
If fl1on is false then, Exit 93.

A thing called t1 has
    a number called x1 is 0,
    a number called x2 is 0.

A thing called t2 has
    a number called x1 is 0,
    a number called x2 is 0.

A thing called t3 has
    a t1 called g1,
    a t2 called g2.

A thing called t4 has
    a function called 'made at',
    a function called 'reflected across',
    a number called x1 is 0.

To do the t4's 'made at', with a number called x1.
    a t4 called plotted.
    Set plotted's x1 to x1.
    Return a t4, plotted.

To do the t4's 'reflected across', with a t4 called original.
    a t4 called mirrored.
    Set mirrored's x1 to 0 subtract original's x1.
    Return a t4, mirrored.

a number called v1 is 2147483648.
a number called v2 is 103434763.
a number called v3 is 710761434123696529.
To 'grid sink 15' with a number called p1 and a number called p2 and a number called p3 and a number called p4 and a number called p5 and a number called p6 and a number called p7 and a number called p8 and a number called p9 and a number called p10 and a number called p11 and a number called p12 and a number called p13 and a number called p14 and a number called p15.
    a number called gtotal is p1 add p2 add p3 add p4 add p5 add p6 add p7 add p8 add p9 add p10 add p11 add p12 add p13 add p14 add p15.
    Print gtotal.

If v2 is less than v1 then, Print v2 times v1. Otherwise, Print v2 add v1.
a float called d1 is 17818.74729818165270329038.
a float called d2 is 14.2.
a float called d3 is d1 multiply d2.
Print d3.
a float called d4 is d1 divide d2.
Print d4.
a float called d5 is d1 add v1.
Print d5.
For each number from 1 to 4,
  a t3 called i1,
  Set i1's g1's x1 to 724,
  Print i1's g1's x1,
  Print i1.
If v3 is greater than v1 then,
  For each number from 1 to 1,
    a number called env1count is environment's count,
    Print env1count as a boolean,
    Print environment's empty,
    a buffer called env1pathbuf is environment's "PATH",
    Print env1pathbuf's empty.
  a float called d6 is 2050107636.84109618969,
  a float called d7 is 13.17,
  a float called d8 is d6 multiply d7,
  Print d8,
  a float called d9 is d6 divide d7,
  Print d9,
  a float called d10 is d6 add v3,
  Print d10.
a number called c1 is 29.
a number called c2 is 14.
Print f3 of c1 and c2.
For each number from 1 to 3, Print number, If number is equal to 1 then, Continue. Print "x".
a number called u1 is 0.
While u1 is less than 2, Increment u1, If u1 is equal to 2 then, Continue. Print u1.
Print u1.
open a file for reading called sin1 at 0.
a buffer called sb1 is 52 bytes.
Read from sin1 into sb1.
Print sb1's size.
If sb1 is empty then, Print "sb1 empty". Otherwise, Print "sb1 filled".
a buffer called sc1 is 8 bytes.
Read from sin1 into sc1.
Print sc1's size.
Close sin1.
a number called r1 is 0.
Repeat 4 times, Increment r1.

Print r1.
If v1 is less than or equal to v3 and v1 modulo 4 is equal to 0 then, Print v1 times v1. Otherwise, Print v2 times v3.
Print v2 times v1.
For each number from 1 to 2,
  Set v3 to v3 minus v1.
'grid sink 15' of each q1s1 from 5 to 6 and each q1s2 from 0 to 0 and each q1s3 from 6 to 7 and each q1s4 from 8 to 8 and each q1s5 from 5 to 6 and each q1s6 from 0 to 0 and each q1s7 from 2 to 2 and each q1s8 from 1 to 1 and each q1s9 from 5 to 5 and each q1s10 from 2 to 2 and each q1s11 from 3 to 3 and each q1s12 from 8 to 8 and each q1s13 from 5 to 5 and each q1s14 from 2 to 2 and each q1s15 from 5 to 5.
Exit 29.

reproducible: 1
