vox-fuzz 0.2.0
version exits clean: 1
usage: vox-fuzz <command> [options]

commands:
  gen        generate, compile, and run random Vox programs
  version    print the version

gen options:
  --seed N       first seed (default 1)
  --count N      how many programs (default 100)
  --budget N     statements per program (default 12)
  --timeout MILLISECONDS per-program time limit (default 10000)
  --vox PATH     vox binary (default ../vox/target/release/vox)
  --core DIR     coreasm dir (default ../vox/coreasm)
  --out DIR      findings directory (default ./findings)
bad subcommand exits 2: 1
vox-fuzz gen: seeds 500.. count 3 budget 12 timeout 10000ms
24
13
1
0
0
767536
1
1
23
mixed1
88.290000000000006
751416765
0
list read out of range
240
{g1: {x1: 240, x2: 0}, g2: {x1: 0, x2: 0}}
8
8227.056000000000495
31.503712871287132
1150.099999999999909
1
1
28
929
word1-word1
69
0
map key missing
184608
929
39
mixed1
40.969999999999999
0
6985.91190000000006
121.266139657444
1477.409999999999854
3
{x1: 550, x2: 0}
324
reassigned1
0
buffer read out of range
6
programs: 3
compiled: 3
findings: 0
gen runs: 1
