vox-fuzz 0.2.0
version exits clean: 1
usage: vox-fuzz <command> [options]

commands:
  gen        generate, compile, and run random Vox programs
  version    print the version

gen options:
  --seed N       first seed (default 1)
  --count N      how many programs (default 100)
  --budget N     statements per program (default 12)
  --timeout MILLISECONDS per-program time limit (default 10000)
  --vox PATH     vox binary (default ../vox/target/release/vox)
  --core DIR     coreasm dir (default ../vox/coreasm)
  --out DIR      findings directory (default ./findings)
  --keep DIR     also save every generated program here (default: off)
bad subcommand exits 2: 1
vox-fuzz gen: seeds 500.. count 3 budget 12 timeout 10000ms
1
0o     1
6035984033617884020
111
216
869
-869
-3338576509337935791
1
1
3
-3338576509337935791
0
70
143
147
pt1 empty
pn1 odd
pn1 positive
pn1 nonzero
16
37
0
99
tag1
232
2
label
count
554
715
0
map key missing
76
486
{g1: {x1: 486, x2: 0}, g2: {x1: 0, x2: 0}}
465
tl1 ok
tu1 ok
ty1 ok
0
buffer read out of range
environment variable not set

0
419
0
map key missing
419
15
0xF
-3727690370163183879

0
0

1
0
programs: 3
compiled: 3
findings: 0
gen runs: 1
