quote O'Brien: 'O'\''Brien'
quote say-hi: 'say "hi"'
quote space: 'a b'
quote newline: 'a
b'
quote empty: ''
quote quotes: ''\'''\'''\'''
rng below 1: 0
rng below 0: 0
rng bounds: bad=0 (0 means all 1000 draws of below 100 stayed in 0..99)
rng below 2: 0=4996 1=5004 longest-run=12 lag1x1000=-14
rng below 3: 0=3328 1=3307 2=3365 longest-run=9 lag1x1000=-6
rng below 10: 0=988 1=1010 2=990 3=1021 4=987 5=943 6=1022 7=1005 8=1043 9=991 longest-run=4 lag1x1000=-4
finding path: ./findings/odd-cat/999999999
classify 0: ok
classify 1: check-asm
classify 101: ice
classify 128: check-asm
classify 129: ice
classify -1: hang
pool lengths: types=31 functions=37 flags=29 fields=31 makers=19 receivers=19 parameters=101
other pool lengths: buffers=29 value nouns=89 value verbs=29 environment=30 loop words=8
types vs functions: 0
types vs flags: 0
functions vs flags: 0
types vs buffers: 0
functions vs buffers: 0
flags vs buffers: 0
types vs value nouns: 0
functions vs value nouns: 0
flags vs value nouns: 0
types vs value verbs: 0
functions vs value verbs: 0
flags vs value verbs: 0
buffers vs value nouns: 0
buffers vs value verbs: 0
value nouns vs value verbs: 0
environment vs types: 0
environment vs functions: 0
environment vs flags: 0
environment vs buffers: 0
environment vs value nouns: 0
environment vs value verbs: 0
loop words vs types: 0
loop words vs functions: 0
loop words vs flags: 0
loop words vs buffers: 0
loop words vs value nouns: 0
loop words vs value verbs: 0
loop words vs environment: 0
fixed-binding trials: 1000 file-io=450
scratch flag unbound while file-io: 0
scratch role count wrong: 0
scratch role written name mismatch: 0
scratch flag picked for argv stress: 0
reader name equals grid sink name: 0
reader name in ordinary functions: 0
grid sink name in ordinary functions: 0
reader name in flag names: 0
grid sink name in flag names: 0
banned needles in types: 0
banned needles in fields: 0
banned needles in makers: 0
banned needles in receivers: 0
banned needles in functions: 0
banned needles in parameters: 0
banned needles in flags: 0
banned needles in buffers: 0
banned needles in value nouns: 0
banned needles in value verbs: 0
banned needles in environment: 0
banned needles in loop words: 0
banned needles in spoken words: 0
round-trip float: max-sig-digits=17 too-wide=0 (max<=17 and too-wide=0 means every drawn literal round-trips through both parse routes)
